Copyright 1986-2019 Xilinx, Inc. All Rights Reserved.
------------------------------------------------------------------------------------
| Tool Version : Vivado v.2019.2 (win64) Build 2708876 Wed Nov  6 21:40:23 MST 2019
| Date         : Sun Apr  5 11:04:59 2020
| Host         : GDESK-104 running 64-bit major release  (build 9200)
| Command      : report_control_sets -verbose -file vga_top_control_sets_placed.rpt
| Design       : vga_top
| Device       : xc7a100t
------------------------------------------------------------------------------------

Control Set Information

Table of Contents
-----------------
1. Summary
2. Histogram
3. Flip-Flop Distribution
4. Detailed Control Set Information

1. Summary
----------

+----------------------------------------------------------+-------+
|                          Status                          | Count |
+----------------------------------------------------------+-------+
| Total control sets                                       |     9 |
|    Minimum number of control sets                        |     9 |
|    Addition due to synthesis replication                 |     0 |
|    Addition due to physical synthesis replication        |     0 |
| Unused register locations in slices containing registers |    39 |
+----------------------------------------------------------+-------+
* Control sets can be merged at opt_design using control_set_merge or merge_equivalent_drivers
** Run report_qor_suggestions for automated merging and remapping suggestions


2. Histogram
------------

+--------------------+-------+
|       Fanout       | Count |
+--------------------+-------+
| Total control sets |     9 |
| >= 0 to < 4        |     2 |
| >= 4 to < 6        |     2 |
| >= 6 to < 8        |     0 |
| >= 8 to < 10       |     0 |
| >= 10 to < 12      |     2 |
| >= 12 to < 14      |     0 |
| >= 14 to < 16      |     0 |
| >= 16              |     3 |
+--------------------+-------+
* Control sets can be remapped at either synth_design or opt_design


3. Flip-Flop Distribution
-------------------------

+--------------+-----------------------+------------------------+-----------------+--------------+
| Clock Enable | Synchronous Set/Reset | Asynchronous Set/Reset | Total Registers | Total Slices |
+--------------+-----------------------+------------------------+-----------------+--------------+
| No           | No                    | No                     |              25 |           10 |
| No           | No                    | Yes                    |               0 |            0 |
| No           | Yes                   | No                     |              60 |           17 |
| Yes          | No                    | No                     |              21 |            7 |
| Yes          | No                    | Yes                    |               0 |            0 |
| Yes          | Yes                   | No                     |              15 |            6 |
+--------------+-----------------------+------------------------+-----------------+--------------+


4. Detailed Control Set Information
-----------------------------------

+--------------------+---------------------------------------+---------------------------------------+------------------+----------------+
|    Clock Signal    |             Enable Signal             |            Set/Reset Signal           | Slice Load Count | Bel Load Count |
+--------------------+---------------------------------------+---------------------------------------+------------------+----------------+
|  dc/pulse          |                                       |                                       |                1 |              1 |
|  dc/clk            |                                       |                                       |                1 |              1 |
|  dc/clk            | dc/hCount[9]_i_1_n_0                  |                                       |                3 |              5 |
|  dc/clk            | dc/hCount[9]_i_1_n_0                  | dc/vCount[9]_i_1_n_0                  |                3 |              5 |
|  dc/clk            |                                       | dc/hCount[9]_i_1_n_0                  |                4 |             10 |
|  ClkPort_IBUF_BUFG | vbc/greenMiddleSquareSpeed[0]_i_1_n_0 | vbc/greenMiddleSquareY                |                3 |             10 |
|  ClkPort_IBUF_BUFG | dc/score0                             |                                       |                4 |             16 |
|  ClkPort_IBUF_BUFG |                                       |                                       |                8 |             23 |
|  ClkPort_IBUF_BUFG |                                       | vbc/greenMiddleSquareSpeed[0]_i_1_n_0 |               13 |             50 |
+--------------------+---------------------------------------+---------------------------------------+------------------+----------------+


